[eliite.fun/emulaplaysg/indexd41d.html]
[backblue.gif]
[fade.gif]
[index.html]
[media.atomicatpages.com/u/LUxdNWVXGzNzPKHPxS2Wvk6X9Ra2/l/DSRixY3250983.jpg]
[scripts.converteai.net/d4aed0fe-a6e3-4aae-9489-b7c6f7c2e9a0/players/657a80eb4c30eb00094dc901/player.js]
[scripts.converteai.net/lib/js/smartplayer/v1/smartplayer.min.js]
[images.converteai.net/d4aed0fe-a6e3-4aae-9489-b7c6f7c2e9a0/players/657a80eb4c30eb00094dc901/thumbnail.jpg]
[cdn.jsdelivr.net/npm/bootstrap-icons@1.9.1/font/bootstrap-icons.css]
[cdn.utmify.com.br/scripts/utms/latest.js]
[media.atomicatpages.com/u/LUxdNWVXGzNzPKHPxS2Wvk6X9Ra2/Pictures/fJNXxW7611122.jpeg]
[media.atomicatpages.com/u/LUxdNWVXGzNzPKHPxS2Wvk6X9Ra2/Pictures/qCCgQL3550918.jpg]
[media.atomicatpages.com/u/LUxdNWVXGzNzPKHPxS2Wvk6X9Ra2/l/hQcjLG1142876.jpg]
[media.atomicatpages.com/u/LUxdNWVXGzNzPKHPxS2Wvk6X9Ra2/Pictures/dobIxb7358984.jpg]
[media.atomicatpages.com/u/LUxdNWVXGzNzPKHPxS2Wvk6X9Ra2/Pictures/dHPwCx8461369.png]
[media.atomicatpages.com/u/LUxdNWVXGzNzPKHPxS2Wvk6X9Ra2/Pictures/bYbLJt8472466.png]
[media.atomicatpages.com/u/LUxdNWVXGzNzPKHPxS2Wvk6X9Ra2/Pictures/GGzcbr8481722.png]
[media.atomicatpages.com/u/LUxdNWVXGzNzPKHPxS2Wvk6X9Ra2/Pictures/odspdn8574690.png]
[media.atomicatpages.com/u/LUxdNWVXGzNzPKHPxS2Wvk6X9Ra2/Pictures/slcFsb8605335.png]
[media.atomicatpages.com/u/LUxdNWVXGzNzPKHPxS2Wvk6X9Ra2/Pictures/QLNJmy8584669.png]
[media.atomicatpages.com/u/LUxdNWVXGzNzPKHPxS2Wvk6X9Ra2/Pictures/NBbzId8625166.png]
[media.atomicatpages.com/u/LUxdNWVXGzNzPKHPxS2Wvk6X9Ra2/Pictures/rGYvnw8634788.png]
[media.atomicatpages.com/u/LUxdNWVXGzNzPKHPxS2Wvk6X9Ra2/Pictures/YvIxbE8652437.png]
[media.atomicatpages.com/u/LUxdNWVXGzNzPKHPxS2Wvk6X9Ra2/Pictures/hIheXl8691416.png]
[media.atomicatpages.com/u/LUxdNWVXGzNzPKHPxS2Wvk6X9Ra2/Pictures/wDRBuH8700944.png]
[media.atomicatpages.com/u/LUxdNWVXGzNzPKHPxS2Wvk6X9Ra2/Pictures/MrGYPX8711418.png]
[media.atomicatpages.com/u/LUxdNWVXGzNzPKHPxS2Wvk6X9Ra2/Pictures/lmWsPJ8729285.png]
[media.atomicatpages.com/u/LUxdNWVXGzNzPKHPxS2Wvk6X9Ra2/Pictures/qJvAYr8754774.png]
[media.atomicatpages.com/u/LUxdNWVXGzNzPKHPxS2Wvk6X9Ra2/Pictures/CbbvMF8771281.png]
[media.atomicatpages.com/u/LUxdNWVXGzNzPKHPxS2Wvk6X9Ra2/Pictures/YwLHnu8834991.png]
[media.atomicatpages.com/u/LUxdNWVXGzNzPKHPxS2Wvk6X9Ra2/Pictures/ACPLLC8846288.png]
[media.atomicatpages.com/u/LUxdNWVXGzNzPKHPxS2Wvk6X9Ra2/Pictures/IHqpYj8857679.png]
[media.atomicatpages.com/u/LUxdNWVXGzNzPKHPxS2Wvk6X9Ra2/Pictures/hbPYeu8873296.png]
[media.atomicatpages.com/u/LUxdNWVXGzNzPKHPxS2Wvk6X9Ra2/Pictures/gnzCsJ8890411.png]
[media.atomicatpages.com/u/LUxdNWVXGzNzPKHPxS2Wvk6X9Ra2/l/dGcmqL9126309.png]
[media.atomicatpages.com/u/LUxdNWVXGzNzPKHPxS2Wvk6X9Ra2/Pictures/MFIpvP9323506.jpg]
[connect.facebook.net/en_US/fbevents.js]
[cdn.utmify.com.br/scripts/pixel/pixel.js]
[eliite.fun/emulaplaysg/js/kDcRvf9718633.js]
[eliite.fun/emulaplaysg/indexd41d.html]
[cdn.jsdelivr.net/npm/bootstrap-icons@1.9.1/font/fonts/bootstrap-iconsd862.woff2]
[cdn.jsdelivr.net/npm/bootstrap-icons@1.9.1/font/fonts/bootstrap-iconsd862.woff]
[cdn.jsdelivr.net/npm/bootstrap-icons@1.9.1/font/bootstrap-icons.css]
[eliite.fun/emulaplaysg/a.25.delayed]
[eliite.fun/emulaplaysg/POST.26.delayed]
[eliite.fun/emulaplaysg/schema.org/index.html]
[eliite.fun/emulaplaysg/b.27.delayed]
[eliite.fun/signals/iwl.js]
[connect.facebook.net/en_US/fbevents.js]
[eliite.fun/emulaplaysg/a.html]
[eliite.fun/emulaplaysg/POST.html]
[eliite.fun/emulaplaysg/schema.org/index.html]
[eliite.fun/emulaplaysg/b.html]
[eliite.fun/signals/iwl.html]
